# EV-03 probe ngoài cluster — Mandate 17 req#2 AZ drill
# base=https://d2tn71186d7ilz.cloudfront.net  paths=/ /api/products /api/cart  interval=2s  timeout=10s
# bắt đầu (UTC): 2026-07-30T17:58:03Z
# cột: <utc> <code/ ms/> <code/api/products ms/api/products> <code/api/cart ms/api/cart>
------------------------------------------------------------------------------
2026-07-30T17:58:03Z  200 0.499715  200 0.194051  200 0.140447
2026-07-30T17:58:06Z  200 0.220737  200 0.119012  200 0.106893
2026-07-30T17:58:08Z  200 0.157299  200 0.158199  200 0.130398
2026-07-30T17:58:11Z  200 0.100889  200 0.154454  200 0.107476
2026-07-30T17:58:13Z  200 0.174629  200 0.109863  200 0.114316
2026-07-30T17:58:15Z  200 0.152143  200 0.242505  200 0.159369
2026-07-30T17:58:18Z  200 0.136414  200 0.107641  200 0.093924
2026-07-30T17:58:20Z  200 0.113560  200 0.129091  200 0.134739
2026-07-30T17:58:23Z  200 0.119881  200 0.115288  200 0.109610
2026-07-30T17:58:25Z  200 0.124673  200 0.159717  200 0.101370
2026-07-30T17:58:28Z  200 0.125829  200 0.154649  200 0.155171
2026-07-30T17:58:30Z  200 0.161128  200 0.122845  200 0.157442
2026-07-30T17:58:33Z  200 0.844276  200 0.136420  200 0.170369
2026-07-30T17:58:36Z  200 0.169898  200 0.120473  200 0.132401
2026-07-30T17:58:38Z  200 0.131511  200 0.129869  200 0.136440
2026-07-30T17:58:41Z  200 0.144637  200 0.112415  200 0.102973
2026-07-30T17:58:43Z  200 0.196150  200 0.152046  200 0.233012
2026-07-30T17:58:46Z  200 0.125774  200 0.098277  200 0.111872
2026-07-30T17:58:48Z  200 0.179246  200 0.147085  200 0.132080
2026-07-30T17:58:51Z  200 0.118545  200 0.160528  200 0.161781
2026-07-30T17:58:53Z  200 0.142277  200 0.099209  200 0.154935
2026-07-30T17:58:56Z  200 0.153394  200 0.128524  200 0.206989
2026-07-30T17:58:58Z  200 0.168105  200 0.113145  200 0.097782
2026-07-30T17:59:01Z  200 0.120115  200 0.123217  200 0.102079
2026-07-30T17:59:03Z  200 0.269750  200 0.245740  200 0.145204
2026-07-30T17:59:06Z  200 0.139398  200 0.106863  200 0.152221
2026-07-30T17:59:09Z  200 0.168022  200 0.245472  200 0.203754
2026-07-30T17:59:11Z  200 0.102655  200 0.244419  200 0.177447
2026-07-30T17:59:14Z  200 0.139454  200 0.131217  200 0.128750
2026-07-30T17:59:16Z  200 0.159186  200 0.281708  200 0.165516
2026-07-30T17:59:19Z  200 0.191839  200 0.113292  200 0.097749
2026-07-30T17:59:21Z  200 0.134321  200 0.188001  200 0.109030
2026-07-30T17:59:24Z  200 0.205073  200 0.136784  200 0.116568
2026-07-30T17:59:26Z  200 0.120545  200 0.124349  200 0.828072
2026-07-30T17:59:29Z  200 0.150485  200 0.096754  200 0.108552
2026-07-30T17:59:32Z  200 0.186156  200 0.103377  200 0.103185
2026-07-30T17:59:34Z  000 10.003261  200 0.222033  200 0.244686
2026-07-30T17:59:47Z  200 0.178784  200 0.140190  200 0.154330
2026-07-30T17:59:49Z  200 0.130191  200 0.108035  200 0.110083
2026-07-30T17:59:52Z  200 0.166317  200 0.126969  200 0.151321
2026-07-30T17:59:54Z  200 0.120885  200 0.115494  200 0.099863
2026-07-30T17:59:57Z  200 0.100706  200 0.154904  200 0.102865
2026-07-30T17:59:59Z  200 0.126247  200 0.099672  200 0.109795
2026-07-30T18:00:02Z  200 0.140316  200 0.113789  200 0.164191
2026-07-30T18:00:04Z  200 0.200051  200 0.162713  200 0.186943
2026-07-30T18:00:07Z  200 0.114354  200 0.124534  200 0.155783
2026-07-30T18:00:09Z  200 0.138208  200 0.101255  200 0.137281
2026-07-30T18:00:11Z  200 0.183468  200 0.155406  200 0.188920
2026-07-30T18:00:14Z  200 0.124273  200 0.119881  200 0.112578
2026-07-30T18:00:16Z  200 0.124010  200 0.178062  200 0.203043
2026-07-30T18:00:19Z  200 0.127859  200 0.137454  200 0.104094
2026-07-30T18:00:21Z  200 0.165246  200 0.122543  200 0.138179
2026-07-30T18:00:24Z  200 0.156606  200 0.112267  200 0.136122
2026-07-30T18:00:26Z  200 0.175594  200 0.131381  200 0.093102
2026-07-30T18:00:29Z  200 0.169184  200 0.163627  200 0.123256
2026-07-30T18:00:31Z  200 0.276051  200 0.138505  200 0.183828
2026-07-30T18:00:34Z  200 0.179749  200 0.161621  200 0.123156
2026-07-30T18:00:36Z  200 0.139227  200 0.147478  200 0.116597
2026-07-30T18:00:39Z  200 0.196411  200 0.120307  200 0.103339
2026-07-30T18:00:41Z  200 0.123345  200 0.137840  200 0.145681
2026-07-30T18:00:44Z  200 0.174041  200 0.129639  200 0.101706
2026-07-30T18:00:46Z  200 0.131192  200 0.167811  200 0.110794
2026-07-30T18:00:49Z  200 0.165865  200 0.166510  200 0.126200
2026-07-30T18:00:51Z  200 0.145425  200 0.137432  200 0.140185
2026-07-30T18:00:54Z  200 0.242365  200 0.162111  200 0.114404
2026-07-30T18:00:56Z  200 0.135187  200 0.101107  200 0.101857
2026-07-30T18:00:59Z  200 0.123232  200 0.122444  200 0.091264
2026-07-30T18:01:01Z  200 0.110741  200 0.106013  200 0.102265
2026-07-30T18:01:04Z  200 0.183345  200 0.130833  200 0.170598
2026-07-30T18:01:06Z  200 0.226517  200 0.097096  200 0.121271
2026-07-30T18:01:09Z  200 0.127454  200 0.117008  200 0.152539
2026-07-30T18:01:11Z  200 0.103582  200 0.099190  200 0.105035
2026-07-30T18:01:13Z  200 0.108591  200 0.117089  200 0.141528
2026-07-30T18:01:16Z  200 0.145405  200 0.115299  200 0.105702
2026-07-30T18:01:18Z  200 0.109833  200 0.101527  200 0.102654
2026-07-30T18:01:21Z  200 0.187118  200 0.113663  200 0.104620
2026-07-30T18:01:23Z  200 0.107712  200 0.107724  200 0.167077
2026-07-30T18:01:26Z  200 0.134258  200 0.104859  200 0.155805
2026-07-30T18:01:28Z  200 0.156884  200 0.270866  200 0.212336
2026-07-30T18:01:31Z  200 0.130838  200 0.113871  200 0.172490
2026-07-30T18:01:33Z  200 0.109372  200 0.107127  200 0.146696
2026-07-30T18:01:36Z  200 0.194398  200 0.190914  200 0.196895
2026-07-30T18:01:38Z  200 0.107264  200 0.111954  200 0.117075
2026-07-30T18:01:41Z  200 0.144480  200 0.105507  200 0.132218
2026-07-30T18:01:43Z  200 0.110874  200 0.122197  200 0.108547
2026-07-30T18:01:46Z  200 0.141430  200 0.137557  200 0.122962
2026-07-30T18:01:48Z  200 0.128793  200 0.120335  200 0.125689
2026-07-30T18:01:50Z  200 0.136096  200 0.196674  200 0.193150
2026-07-30T18:01:53Z  200 0.148012  200 0.128485  200 0.145909
2026-07-30T18:01:56Z  200 0.166868  200 0.229651  200 0.224242
2026-07-30T18:01:58Z  200 0.148025  200 0.105888  200 0.119572
2026-07-30T18:02:01Z  200 0.132703  200 0.134188  200 0.185920
2026-07-30T18:02:03Z  200 0.121511  200 0.116054  200 0.137210
2026-07-30T18:02:06Z  200 0.103035  200 0.183440  200 0.131443
2026-07-30T18:02:08Z  200 0.203588  200 0.111609  200 0.195080
2026-07-30T18:02:11Z  200 0.175088  200 0.105790  200 0.120594
2026-07-30T18:02:13Z  200 0.129093  200 0.113566  200 0.135498
2026-07-30T18:02:16Z  200 0.136877  200 0.163242  200 0.159304
2026-07-30T18:02:18Z  200 0.180924  200 0.106222  200 0.097588
2026-07-30T18:02:21Z  200 0.149577  200 0.185475  200 0.175662
2026-07-30T18:02:23Z  200 0.112867  200 0.099174  200 0.107165
2026-07-30T18:02:26Z  200 0.182636  200 0.119963  200 0.102264
2026-07-30T18:02:28Z  200 0.148542  200 0.178722  200 0.116014
2026-07-30T18:02:31Z  200 0.104391  200 0.127314  200 0.122523
2026-07-30T18:02:33Z  200 0.141484  200 0.109689  200 0.158815
2026-07-30T18:02:35Z  200 0.103869  200 0.136806  200 0.207037
2026-07-30T18:02:38Z  200 0.192411  200 0.113009  200 0.151151
2026-07-30T18:02:40Z  200 0.116694  200 0.111435  200 0.128215
2026-07-30T18:02:43Z  200 0.139717  200 0.137448  200 0.151790
2026-07-30T18:02:45Z  200 0.148321  200 0.156311  200 0.161870
2026-07-30T18:02:48Z  200 0.115536  200 0.174033  200 0.157878
2026-07-30T18:02:50Z  200 0.168319  200 0.124585  200 0.122799
2026-07-30T18:02:53Z  200 0.150402  200 0.141176  200 0.128653
2026-07-30T18:02:55Z  200 0.124248  200 0.128164  200 0.120495
2026-07-30T18:02:58Z  200 0.163572  200 0.121434  200 0.118249
2026-07-30T18:03:00Z  200 0.118828  200 0.129544  200 0.188474
2026-07-30T18:03:03Z  200 0.124800  200 0.100315  200 0.120463
2026-07-30T18:03:05Z  200 0.223772  200 0.121442  200 0.121147
2026-07-30T18:03:08Z  200 0.255473  200 0.174175  200 0.194573
2026-07-30T18:03:10Z  200 0.106253  200 0.115409  200 0.113457
2026-07-30T18:03:13Z  200 0.200630  200 0.102738  200 0.135705
2026-07-30T18:03:15Z  200 0.123225  200 0.131738  200 0.126500
2026-07-30T18:03:18Z  200 0.137883  200 0.101767  200 0.099599
2026-07-30T18:03:20Z  200 0.162763  200 0.135042  200 0.104790
2026-07-30T18:03:23Z  200 0.136379  200 0.163911  200 0.135267
2026-07-30T18:03:25Z  200 0.160599  200 0.135744  200 0.112798
2026-07-30T18:03:27Z  200 0.125556  200 0.120826  200 0.106505
2026-07-30T18:03:30Z  200 0.177839  200 0.111057  200 0.108674
2026-07-30T18:03:32Z  200 0.123376  200 0.118992  200 0.238611
2026-07-30T18:03:35Z  200 0.107224  200 0.107062  200 0.103067
2026-07-30T18:03:37Z  200 0.169434  200 0.145170  200 0.127785
2026-07-30T18:03:40Z  200 0.208102  200 0.143698  200 0.131571
2026-07-30T18:03:42Z  200 0.127017  200 0.098777  200 0.141947
2026-07-30T18:03:45Z  200 0.207880  200 0.139962  200 0.119751
2026-07-30T18:03:47Z  200 0.167260  200 0.114934  200 0.121149
2026-07-30T18:03:50Z  200 0.152441  200 0.123460  200 0.111414
2026-07-30T18:03:52Z  200 0.109335  200 0.161683  200 0.122427
2026-07-30T18:03:55Z  200 0.119183  500 1.319816  200 0.147007
2026-07-30T18:03:58Z  200 0.106183  200 0.105321  200 0.100021
2026-07-30T18:04:01Z  200 0.222154  200 0.187950  200 0.147138
2026-07-30T18:04:03Z  200 0.132508  500 1.298905  200 0.160798
2026-07-30T18:04:07Z  200 0.234143  500 1.297676  200 0.146772
2026-07-30T18:04:11Z  200 0.173554  200 0.103074  200 0.107966
2026-07-30T18:04:13Z  200 0.144645  500 1.307309  200 0.099988
2026-07-30T18:04:17Z  200 0.136590  200 0.102468  200 0.142533
2026-07-30T18:04:19Z  200 0.151280  200 0.122578  200 0.111897
2026-07-30T18:04:22Z  200 0.168702  500 1.304887  200 0.100937
2026-07-30T18:04:25Z  200 0.129482  200 0.129036  200 0.115381
2026-07-30T18:04:28Z  200 0.157171  500 1.332125  200 0.113580
2026-07-30T18:04:31Z  200 0.135208  200 0.138555  200 0.127273
2026-07-30T18:04:34Z  200 0.121692  500 1.318891  200 0.130079
2026-07-30T18:04:38Z  200 0.165409  200 0.118025  200 0.105102
2026-07-30T18:04:40Z  200 0.240843  200 0.216685  200 0.142616
2026-07-30T18:04:43Z  200 0.146583  200 0.123469  200 0.101356
2026-07-30T18:04:45Z  200 0.120522  200 0.123268  200 0.177420
2026-07-30T18:04:48Z  200 0.118550  200 0.127667  200 0.110081
2026-07-30T18:04:50Z  200 0.123538  200 0.122329  200 0.120934
2026-07-30T18:04:53Z  200 0.154157  200 0.307739  200 0.100963
2026-07-30T18:04:55Z  200 0.116096  200 0.123169  200 0.128011
2026-07-30T18:04:58Z  200 0.122383  200 0.139626  200 0.124298
2026-07-30T18:05:00Z  200 0.241520  200 0.112650  200 0.121936
2026-07-30T18:05:03Z  200 0.107291  200 0.134069  200 0.114226
2026-07-30T18:05:05Z  200 0.117850  200 0.128230  200 0.112121
2026-07-30T18:05:07Z  200 0.116518  200 0.139191  200 0.138093
2026-07-30T18:05:10Z  200 0.117779  200 0.184674  200 0.098799
2026-07-30T18:05:12Z  200 0.231421  200 0.121673  200 0.118725
2026-07-30T18:05:15Z  200 0.117237  200 0.115412  200 0.125895
2026-07-30T18:05:17Z  200 0.113741  200 0.104143  200 0.184393
2026-07-30T18:05:20Z  200 0.196040  200 0.159435  200 0.122937
2026-07-30T18:05:22Z  200 0.117285  200 0.102617  200 0.104976
2026-07-30T18:05:25Z  200 0.151211  200 0.107517  200 0.099629
2026-07-30T18:05:27Z  200 0.110274  200 0.098200  200 0.117012
2026-07-30T18:05:29Z  200 0.100686  200 0.104677  200 0.120908
2026-07-30T18:05:32Z  200 0.105623  200 0.193645  200 0.262596
2026-07-30T18:05:34Z  200 0.124273  200 0.240660  200 0.157876
2026-07-30T18:05:37Z  200 0.162292  200 0.234452  200 0.135523
2026-07-30T18:05:40Z  200 0.106035  200 0.113434  200 0.102049
2026-07-30T18:05:42Z  200 0.113689  200 0.113257  200 0.106583
2026-07-30T18:05:44Z  200 0.146967  200 0.175307  200 0.131537
2026-07-30T18:05:47Z  200 0.107289  200 0.131715  200 0.102505
2026-07-30T18:05:49Z  200 0.116548  200 0.113176  200 0.153759
2026-07-30T18:05:52Z  200 0.136035  200 0.122752  200 0.149423
2026-07-30T18:05:54Z  200 0.205918  200 0.226949  200 0.351887
2026-07-30T18:05:57Z  200 0.159505  200 0.110394  200 0.115048
2026-07-30T18:05:59Z  200 0.119520  200 0.113567  200 0.109636
2026-07-30T18:06:02Z  200 0.148790  200 0.120451  200 0.178201
