# EV-03 probe ngoài cluster — Mandate 17 req#2 AZ drill
# base=https://d2tn71186d7ilz.cloudfront.net  paths=/ /api/products /api/cart  interval=1s  timeout=8s
# bắt đầu (UTC): 2026-07-30T17:31:38Z
# cột: <utc> <code/ ms/> <code/api/products ms/api/products> <code/api/cart ms/api/cart>
------------------------------------------------------------------------------
2026-07-30T17:31:38Z  200 0.332842  200 0.131291  200 0.179839
2026-07-30T17:31:40Z  200 0.124049  200 0.156063  200 0.169374
2026-07-30T17:31:42Z  200 0.309893  200 0.214746  200 0.131811
2026-07-30T17:31:43Z  200 0.160957  200 0.177880  200 0.124904
2026-07-30T17:31:45Z  200 0.115011  200 0.120682  200 0.119172
2026-07-30T17:31:46Z  200 0.131202  200 0.158941  200 0.131409
2026-07-30T17:31:48Z  200 0.204669  200 0.152899  200 0.125007
2026-07-30T17:31:49Z  200 0.145059  200 0.173788  200 0.139333
2026-07-30T17:31:51Z  200 0.130669  200 0.208090  200 0.146291
2026-07-30T17:31:52Z  200 0.123138  200 0.112133  200 0.152608
2026-07-30T17:31:54Z  200 0.106662  200 0.097421  200 0.098999
2026-07-30T17:31:55Z  200 0.111745  200 0.153742  200 0.119580
2026-07-30T17:31:57Z  200 0.158460  200 0.140636  200 0.487395
2026-07-30T17:31:58Z  200 0.183680  200 0.200176  000 8.001904
2026-07-30T17:32:08Z  200 0.192288  200 0.196260  500 2.912047
2026-07-30T17:32:12Z  200 0.121041  200 0.128009  000 8.002742
2026-07-30T17:32:22Z  200 0.158371  200 0.102351  500 5.102306
2026-07-30T17:32:28Z  200 0.175336  200 0.127907  000 8.004996
2026-07-30T17:32:37Z  200 0.180062  200 0.163678  500 6.560184
2026-07-30T17:32:45Z  200 0.244177  200 0.126125  500 3.320449
2026-07-30T17:32:50Z  200 0.133762  200 0.098898  000 8.008106
2026-07-30T17:32:59Z  200 0.195452  200 0.181057  000 8.003213
2026-07-30T17:33:09Z  200 0.193509  200 0.151854  000 8.003602
2026-07-30T17:33:18Z  200 0.176828  200 0.121048  500 4.534154
2026-07-30T17:33:24Z  200 0.149844  200 0.119207  000 8.002972
2026-07-30T17:33:34Z  200 0.167745  200 0.117757  000 8.007642
2026-07-30T17:33:43Z  200 0.513393  200 0.128855  500 5.664903
2026-07-30T17:33:50Z  200 0.294065  200 0.103328  200 0.136055
2026-07-30T17:33:52Z  200 0.173678  200 0.131497  200 0.127221
2026-07-30T17:33:53Z  200 0.162948  200 0.157343  200 0.191643
2026-07-30T17:33:55Z  200 0.130378  200 0.150075  200 0.173027
2026-07-30T17:33:56Z  200 0.119022  200 0.104906  200 0.118014
2026-07-30T17:33:58Z  200 0.136185  200 0.096672  200 0.122159
2026-07-30T17:33:59Z  200 0.110722  200 0.107967  200 0.116217
2026-07-30T17:34:01Z  200 0.153853  200 0.144588  200 0.126400
2026-07-30T17:34:02Z  200 0.114864  200 0.100239  200 0.098301
2026-07-30T17:34:03Z  200 0.201619  200 0.117167  200 0.111451
2026-07-30T17:34:05Z  200 0.359179  200 0.117946  200 0.120573
2026-07-30T17:34:07Z  200 0.115639  200 0.228253  200 0.145713
2026-07-30T17:34:08Z  200 0.146408  200 0.202101  200 0.117563
2026-07-30T17:34:10Z  200 0.186009  200 0.130847  200 0.117349
2026-07-30T17:34:11Z  200 0.136012  200 0.176650  200 0.117557
2026-07-30T17:34:13Z  200 0.126156  200 0.151985  200 0.101746
2026-07-30T17:34:14Z  200 0.111747  200 0.101234  200 0.116376
2026-07-30T17:34:15Z  200 0.213597  200 0.142898  200 0.148558
2026-07-30T17:34:17Z  200 0.128554  200 0.102272  200 0.112337
2026-07-30T17:34:18Z  200 0.114711  200 0.109890  200 0.129180
2026-07-30T17:34:20Z  200 0.173021  200 0.162565  200 0.140747
2026-07-30T17:34:21Z  200 0.166315  200 0.161776  200 0.109866
2026-07-30T17:34:23Z  200 0.369589  200 0.114309  200 0.125197
2026-07-30T17:34:25Z  200 0.130047  200 0.183152  200 0.126448
2026-07-30T17:34:26Z  200 0.132122  200 0.102054  200 0.098010
2026-07-30T17:34:27Z  200 0.112215  200 0.099655  200 0.112018
2026-07-30T17:34:29Z  200 0.096580  200 0.101695  200 0.134815
2026-07-30T17:34:30Z  200 0.124022  200 0.106351  200 0.097447
2026-07-30T17:34:32Z  200 0.147961  200 0.112215  200 0.134387
2026-07-30T17:34:33Z  200 0.170447  200 0.103657  200 0.107506
2026-07-30T17:34:34Z  200 0.122377  200 0.113882  200 0.144185
2026-07-30T17:34:36Z  200 0.132293  200 0.127096  200 0.203791
2026-07-30T17:34:37Z  200 0.116738  200 0.131689  200 0.100659
2026-07-30T17:34:39Z  200 0.120165  200 0.118465  200 0.121768
2026-07-30T17:34:40Z  200 0.158427  200 0.114935  200 0.175769
2026-07-30T17:34:42Z  200 0.244905  200 0.102862  200 0.104994
2026-07-30T17:34:43Z  200 0.259590  200 0.138370  200 0.177231
2026-07-30T17:34:45Z  200 0.199418  200 0.103843  200 0.110369
2026-07-30T17:34:46Z  200 0.351676  200 0.198129  200 0.213246
2026-07-30T17:34:48Z  200 0.154530  200 0.131152  200 0.121082
2026-07-30T17:34:50Z  200 0.114307  200 0.144170  200 0.136835
2026-07-30T17:34:51Z  200 0.160174  200 0.143735  200 0.229243
2026-07-30T17:34:53Z  200 0.122454  200 0.140946  200 0.129748
2026-07-30T17:34:54Z  200 0.097978  200 0.109816  200 0.119590
2026-07-30T17:34:56Z  200 0.120614  200 0.101470  200 0.103434
2026-07-30T17:34:57Z  200 0.108379  200 0.154444  200 0.104804
2026-07-30T17:34:58Z  200 0.103677  200 0.099860  200 0.189834
2026-07-30T17:35:00Z  200 0.178224  200 0.136802  200 0.125699
2026-07-30T17:35:01Z  200 0.130066  200 0.136279  200 0.118201
2026-07-30T17:35:03Z  200 0.112318  200 0.131443  200 0.134249
2026-07-30T17:35:04Z  200 0.147386  200 0.119032  200 0.109229
2026-07-30T17:35:06Z  200 0.131248  200 0.136152  200 0.113116
2026-07-30T17:35:07Z  200 0.150438  200 0.195984  200 0.129197
2026-07-30T17:35:09Z  200 0.138629  200 0.112936  200 1.103155
2026-07-30T17:35:11Z  200 0.220542  200 0.126160  200 0.109423
2026-07-30T17:35:12Z  200 0.124840  200 0.117830  200 0.109839
2026-07-30T17:35:14Z  200 0.120736  200 0.100219  200 0.103653
2026-07-30T17:35:15Z  200 0.144994  200 0.139993  200 0.108964
2026-07-30T17:35:17Z  200 0.162919  200 0.123943  200 0.120001
2026-07-30T17:35:18Z  200 0.102218  200 0.117353  200 0.104318
2026-07-30T17:35:20Z  200 0.112269  200 0.124585  200 0.227524
2026-07-30T17:35:21Z  200 0.112796  200 0.103588  200 0.128421
2026-07-30T17:35:22Z  200 0.140945  200 0.138537  200 0.195013
2026-07-30T17:35:24Z  200 0.177951  200 0.155541  200 0.111143
2026-07-30T17:35:26Z  200 0.106514  200 0.099458  200 0.107232
2026-07-30T17:35:27Z  200 0.232794  200 0.142600  200 0.124661
2026-07-30T17:35:28Z  200 0.123808  200 0.162845  200 0.135792
2026-07-30T17:35:30Z  200 0.153935  200 0.118060  200 0.106106
2026-07-30T17:35:31Z  200 0.119995  200 0.120996  200 0.137822
2026-07-30T17:35:33Z  200 0.114238  200 0.126585  200 0.112917
2026-07-30T17:35:34Z  200 0.124367  200 0.101863  200 0.107036
2026-07-30T17:35:36Z  200 0.127320  200 0.128008  200 0.213275
2026-07-30T17:35:37Z  200 0.132613  200 0.108942  200 1.458045
2026-07-30T17:35:40Z  200 0.193317  200 0.215698  200 0.144149
2026-07-30T17:35:42Z  200 0.113950  200 0.214306  200 0.129278
2026-07-30T17:35:43Z  200 0.149113  200 0.140964  200 0.204375
2026-07-30T17:35:45Z  200 0.139050  200 0.117284  200 0.160400
2026-07-30T17:35:46Z  200 0.109075  200 0.135875  200 0.112488
2026-07-30T17:35:47Z  200 0.155781  200 0.114182  200 0.295634
2026-07-30T17:35:49Z  200 0.108953  200 0.104429  200 0.111907
2026-07-30T17:35:50Z  200 0.123001  200 0.146172  200 0.160008
2026-07-30T17:35:52Z  200 0.158127  200 0.126931  200 0.126497
2026-07-30T17:35:53Z  200 0.181242  200 0.127491  200 0.133707
2026-07-30T17:35:55Z  200 0.213672  200 0.135559  200 0.155174
2026-07-30T17:35:57Z  200 0.117469  200 0.123029  200 0.109507
2026-07-30T17:35:58Z  200 0.121684  200 0.122527  200 0.105600
2026-07-30T17:35:59Z  200 0.174657  200 0.161024  200 0.116684
2026-07-30T17:36:01Z  200 0.122111  200 0.104615  200 0.126100
2026-07-30T17:36:02Z  200 0.124080  200 0.135226  200 0.109146
2026-07-30T17:36:04Z  200 0.128664  200 0.128495  200 0.131287
2026-07-30T17:36:05Z  200 0.124100  200 0.211361  200 0.589757
2026-07-30T17:36:07Z  200 0.186688  200 0.141705  200 0.164646
2026-07-30T17:36:09Z  200 0.127659  200 0.115690  200 0.146792
2026-07-30T17:36:10Z  200 0.123110  200 0.133419  200 0.116733
2026-07-30T17:36:12Z  200 0.172813  200 0.157874  200 0.122969
2026-07-30T17:36:13Z  200 0.148500  200 0.125261  200 0.150816
2026-07-30T17:36:15Z  200 0.106281  200 0.108122  200 0.178683
2026-07-30T17:36:16Z  200 0.310126  200 0.115183  200 0.126541
2026-07-30T17:36:18Z  200 0.130064  200 0.109240  200 0.108785
2026-07-30T17:36:19Z  200 0.138866  200 0.148652  200 0.133873
2026-07-30T17:36:20Z  200 0.231003  200 0.157016  200 0.158786
2026-07-30T17:36:22Z  200 0.209868  200 0.122764  200 0.158063
2026-07-30T17:36:24Z  200 0.151250  200 0.153142  200 0.120317
2026-07-30T17:36:25Z  200 0.107991  200 0.121515  200 0.165418
2026-07-30T17:36:27Z  200 0.107521  200 0.115794  200 0.125423
2026-07-30T17:36:28Z  200 0.130461  200 0.105808  200 0.125173
2026-07-30T17:36:29Z  200 0.126919  200 0.113941  200 0.114765
2026-07-30T17:36:31Z  200 0.183490  200 0.144753  200 0.124125
2026-07-30T17:36:32Z  200 0.184354  200 0.129755  200 0.113753
2026-07-30T17:36:34Z  200 0.107800  200 0.111040  200 0.116682
