2026-07-31T02:06:25Z 200/0.719265 200 200
2026-07-31T02:06:28Z 200/0.119880 200 200
2026-07-31T02:06:31Z 200/0.130131 200 200
2026-07-31T02:06:34Z 200/0.123885 200 200
2026-07-31T02:06:36Z 200/0.118202 200 200
2026-07-31T02:06:39Z 200/0.138517 200 200
2026-07-31T02:06:42Z 200/0.178093 200 200
2026-07-31T02:06:44Z 200/0.129475 200 200
2026-07-31T02:06:47Z 200/0.159178 200 200
2026-07-31T02:06:50Z 200/0.138945 200 200
2026-07-31T02:06:52Z 200/0.144551 200 200
2026-07-31T02:07:02Z 200/0.113897 200 200
2026-07-31T02:07:05Z 200/0.142664 200 200
2026-07-31T02:07:08Z 200/8.603130 200 200
2026-07-31T02:07:19Z 200/0.128532 200 200
2026-07-31T02:07:21Z 200/0.139461 200 200
2026-07-31T02:07:24Z 200/0.131532 200 200
2026-07-31T02:07:27Z 200/0.117911 200 200
2026-07-31T02:07:29Z 200/0.148581 200 200
2026-07-31T02:07:32Z 000/10.011376 503 200
2026-07-31T02:07:50Z 000/10.000463 503 200
2026-07-31T02:08:09Z 503/5.143811 500 200
2026-07-31T02:08:18Z 200/0.191440 500 200
2026-07-31T02:08:22Z 200/0.109758 500 200
2026-07-31T02:08:26Z 200/0.123992 500 200
2026-07-31T02:08:29Z 200/0.226010 500 200
2026-07-31T02:08:33Z 200/0.140750 500 200
2026-07-31T02:08:37Z 200/0.158356 500 200
2026-07-31T02:08:41Z 200/0.111795 500 200
2026-07-31T02:08:45Z 200/0.170661 500 200
2026-07-31T02:08:49Z 200/0.127271 500 200
2026-07-31T02:08:53Z 200/1.025414 500 200
2026-07-31T02:08:57Z 200/0.250783 500 200
2026-07-31T02:09:02Z 200/0.142321 500 200
2026-07-31T02:09:05Z 200/0.160374 500 200
2026-07-31T02:09:11Z 200/1.359040 000 000
2026-07-31T02:09:34Z 200/0.197625 500 200
2026-07-31T02:09:38Z 200/0.135246 500 200
2026-07-31T02:09:42Z 200/0.606606 500 200
2026-07-31T02:09:47Z 200/0.135600 500 200
2026-07-31T02:09:50Z 200/0.135157 200 200
2026-07-31T02:09:53Z 200/0.110403 200 200
2026-07-31T02:09:55Z 200/0.124767 200 200
2026-07-31T02:09:58Z 200/2.929992 200 200
2026-07-31T02:10:11Z 200/6.091880 200 200
2026-07-31T02:10:24Z 200/0.147268 200 200
2026-07-31T02:10:30Z 200/0.117521 200 200
2026-07-31T02:10:32Z 200/0.147510 200 200
2026-07-31T02:10:35Z 200/1.364362 200 200
2026-07-31T02:10:44Z 200/1.233859 200 200
2026-07-31T02:10:48Z 200/0.131417 000 200
2026-07-31T02:11:01Z 200/0.339039 200 200
2026-07-31T02:11:04Z 200/0.218040 200 200
2026-07-31T02:11:07Z 200/0.226944 200 200
2026-07-31T02:11:10Z 200/0.153944 200 200
2026-07-31T02:11:13Z 200/0.148514 200 200
2026-07-31T02:11:16Z 200/0.144664 200 200
2026-07-31T02:11:18Z 200/0.148470 200 200
2026-07-31T02:11:21Z 200/0.111637 200 200
2026-07-31T02:11:23Z 200/0.179148 200 200
2026-07-31T02:11:26Z 200/0.160624 200 200
2026-07-31T02:11:29Z 200/0.112476 200 200
2026-07-31T02:11:31Z 200/0.156322 200 200
2026-07-31T02:11:34Z 200/0.591873 200 200
2026-07-31T02:11:37Z 200/0.244103 200 200
2026-07-31T02:11:40Z 200/0.264338 200 200
2026-07-31T02:11:44Z 200/0.128053 200 200
2026-07-31T02:11:46Z 200/0.195744 200 200
2026-07-31T02:11:49Z 200/0.125377 200 200
2026-07-31T02:11:52Z 200/0.124242 200 200
2026-07-31T02:11:55Z 200/0.213687 200 200
2026-07-31T02:11:57Z 200/0.114999 200 200
2026-07-31T02:12:00Z 200/0.135313 200 200
2026-07-31T02:12:03Z 200/0.144707 200 200
2026-07-31T02:12:05Z 200/0.161077 200 200
2026-07-31T02:12:08Z 200/0.108840 200 200
2026-07-31T02:12:10Z 200/0.165004 200 200
2026-07-31T02:12:13Z 200/0.183282 200 200
2026-07-31T02:12:16Z 200/0.141549 200 200
2026-07-31T02:12:19Z 200/0.211029 200 200
2026-07-31T02:12:21Z 200/1.102781 200 200
2026-07-31T02:12:26Z 200/0.123345 200 200
2026-07-31T02:12:29Z 200/0.143753 200 200
2026-07-31T02:12:31Z 200/0.169956 200 200
2026-07-31T02:12:34Z 200/0.136282 200 200
2026-07-31T02:12:37Z 200/0.133398 200 200
2026-07-31T02:12:39Z 200/0.140125 200 200
2026-07-31T02:12:42Z 200/0.125414 200 200
2026-07-31T02:12:45Z 200/0.125101 200 200
2026-07-31T02:12:48Z 200/0.430975 200 200
2026-07-31T02:12:51Z 200/0.199878 200 200
2026-07-31T02:12:54Z 200/0.120020 200 200
2026-07-31T02:12:56Z 200/0.215601 200 200
2026-07-31T02:13:00Z 200/0.112992 200 200
2026-07-31T02:13:02Z 200/0.144470 200 200
2026-07-31T02:13:05Z 200/0.163665 200 200
2026-07-31T02:13:08Z 200/0.131432 200 200
2026-07-31T02:13:10Z 200/0.126250 200 200
2026-07-31T02:13:13Z 200/0.116076 200 200
2026-07-31T02:13:16Z 200/0.171713 200 200
2026-07-31T02:13:19Z 200/0.338550 200 200
2026-07-31T02:13:21Z 200/0.127358 200 200
2026-07-31T02:13:25Z 200/0.165751 200 200
2026-07-31T02:13:28Z 200/5.181629 200 200
2026-07-31T02:13:37Z 200/4.026366 200 200
2026-07-31T02:13:47Z 200/0.977573 200 200
2026-07-31T02:13:55Z 200/0.878894 200 200
2026-07-31T02:13:58Z 200/0.213427 200 200
2026-07-31T02:14:01Z 200/0.138578 200 200
2026-07-31T02:14:04Z 200/0.139000 200 200
2026-07-31T02:14:07Z 200/0.190137 200 200
2026-07-31T02:14:10Z 200/0.168950 200 200
2026-07-31T02:14:12Z 200/0.187346 200 200
2026-07-31T02:14:15Z 200/0.136661 200 200
2026-07-31T02:14:18Z 200/0.154616 200 200
2026-07-31T02:14:20Z 200/0.158002 200 200
2026-07-31T02:14:23Z 200/0.191610 200 200
2026-07-31T02:14:26Z 200/0.153246 200 200
2026-07-31T02:14:28Z 200/0.149243 200 200
2026-07-31T02:14:31Z 200/0.121013 200 200
2026-07-31T02:14:34Z 200/0.179947 200 200
2026-07-31T02:14:36Z 200/0.120982 200 200
2026-07-31T02:14:39Z 200/0.152912 200 200
2026-07-31T02:14:41Z 200/0.125952 200 200
2026-07-31T02:14:44Z 200/0.161992 200 200
2026-07-31T02:14:47Z 200/0.130277 200 200
2026-07-31T02:14:49Z 200/0.128953 200 200
2026-07-31T02:14:52Z 200/0.137210 200 200
2026-07-31T02:14:54Z 200/0.170036 200 200
2026-07-31T02:14:57Z 200/0.135151 200 200
2026-07-31T02:15:00Z 200/0.119785 200 200
2026-07-31T02:15:02Z 200/0.139661 200 200
2026-07-31T02:15:05Z 200/0.198289 200 200
2026-07-31T02:15:08Z 200/0.216745 200 200
2026-07-31T02:15:11Z 200/0.160565 200 200
2026-07-31T02:15:13Z 200/0.154940 200 200
2026-07-31T02:15:16Z 200/0.138838 200 200
2026-07-31T02:15:19Z 200/0.147621 200 200
2026-07-31T02:15:22Z 200/0.166751 200 200
2026-07-31T02:15:24Z 200/0.291511 200 200
2026-07-31T02:15:27Z 200/0.171562 200 200
2026-07-31T02:15:30Z 200/0.363718 200 200
2026-07-31T02:15:33Z 200/0.146058 200 200
2026-07-31T02:15:36Z 200/0.147897 200 200
2026-07-31T02:15:40Z 200/0.148248 200 200
